
> react-certification-2020@0.1.0 test D:\React_Wizeline\react-certification-2020
> react-scripts test "--coverage"

------------|----------|----------|----------|----------|-------------------|
File        |  % Stmts | % Branch |  % Funcs |  % Lines | Uncovered Line #s |
------------|----------|----------|----------|----------|-------------------|
All files   |      100 |      100 |      100 |      100 |                   |
 testing.js |      100 |      100 |      100 |      100 |                   |
------------|----------|----------|----------|----------|-------------------|

